// Jest Snapshot v1, https://goo.gl/fbAQLP

exports[`header 样式改变做提示 1`] = `<header class="todo-header"><input type="text" data-test="input"></header>`;
